// Jest Snapshot v1, https://goo.gl/fbAQLP

exports[`<Login/> should match correctly 1`] = `"<form class=\\"Login__Container-sc-1h2zokw-0 hoTOa-D\\"><div class=\\"Login__InputContainer-sc-1h2zokw-1 jPKskG\\"><label for=\\"user-email\\" class=\\"Login__Label-sc-1h2zokw-4 efwlLm\\">이메일</label><input name=\\"user-email\\" placeholder=\\"example@example.com\\" type=\\"text\\" class=\\"Login__TextInput-sc-1h2zokw-2 kGKXOg\\" value=\\"\\"></div><div class=\\"Login__InputContainer-sc-1h2zokw-1 jPKskG\\"><label for=\\"password\\" class=\\"Login__Label-sc-1h2zokw-4 efwlLm\\">비밀번호</label><input name=\\"user-password\\" placeholder=\\"비밀번호 입력\\" type=\\"password\\" class=\\"Login__PasswordInput-sc-1h2zokw-3 hDIsIn\\" value=\\"\\"></div><br><button fill=\\"true\\" color=\\"purple\\" disabled=\\"\\" class=\\"Buttons__Button-dz1ezt-0 hoQPBz\\">로그인</button><br></form>"`;
