// Jest Snapshot v1, https://goo.gl/fbAQLP

exports[`<Slider/> should match correctly 1`] = `"<div class=\\"Slider__Container-sc-1v97yg4-0 efDWUp\\"><div class=\\"Slider__SliderContainer-sc-1v97yg4-1 hRtGul\\" style=\\"transition: transform 0.5s ease-in-out; transform: translateX(-000%);\\"><div class=\\"Slider__Slide-sc-1v97yg4-2 ecmDcx\\"><img src=\\"test\\" class=\\"Slider__IMG-sc-1v97yg4-3 kPLoWi\\"><div class=\\"Slider__MovieTitle-sc-1v97yg4-4 fiFmUg\\">test</div></div></div></div>"`;
