// Jest Snapshot v1, https://goo.gl/fbAQLP

exports[`<Tooltip/> matches snapshot 1`] = `"<div class=\\"Tooltip__Overaly-sc-1s0dps1-0 gUipaz overaly\\"></div><div class=\\"Tooltip__Container-sc-1s0dps1-1 dUDDKK\\"><div class=\\"Tooltip__ItemContainer-sc-1s0dps1-2 lmXqez item\\"><div class=\\"Tooltip__Item-sc-1s0dps1-3 fTYYPM\\">test1</div></div><div class=\\"Tooltip__ItemContainer-sc-1s0dps1-2 lmXqez item\\"><div class=\\"Tooltip__Item-sc-1s0dps1-3 fTYYPM\\">test2</div></div></div>"`;
